Cannot resolve module "http://127.0.0.1:4545/src/cli/tests/019_media_types.ts"
